---
source: tests/enumeration.rs
assertion_line: 24
expression: e

---
Two items of the same enum conflict names
