---
source: tests/enumeration.rs
assertion_line: 12
expression: e

---
Two items of the same enum conflict values
