---
source: tests/module.rs
assertion_line: 12
expression: e

---
Parsing Error
